#! /c/Source/iverilog-install/bin/vvp
:ivl_version "12.0 (devel)" "(s20150603-1539-g2693dd32b)";
:ivl_delay_selection "TYPICAL";
:vpi_time_precision - 12;
:vpi_module "C:\iverilog\lib\ivl\system.vpi";
:vpi_module "C:\iverilog\lib\ivl\vhdl_sys.vpi";
:vpi_module "C:\iverilog\lib\ivl\vhdl_textio.vpi";
:vpi_module "C:\iverilog\lib\ivl\v2005_math.vpi";
:vpi_module "C:\iverilog\lib\ivl\va_math.vpi";
:vpi_module "C:\iverilog\lib\ivl\v2009.vpi";
S_000001ceae5c9ac0 .scope package, "$unit" "$unit" 2 1;
 .timescale 0 0;
S_000001ceae5dbe50 .scope module, "tb_ex4_7" "tb_ex4_7" 3 3;
 .timescale -12 -12;
v000001ceae5ca500_0 .net *"_ivl_6", 3 0, v000001ceae62d7d0_0;  1 drivers
v000001ceae62d550_0 .net "a", 0 0, L_000001ceae62d410;  1 drivers
v000001ceae62cf10_0 .net "b", 0 0, L_000001ceae62d190;  1 drivers
v000001ceae62d230_0 .net "c", 0 0, L_000001ceae62d4b0;  1 drivers
v000001ceae62c8d0_0 .net "d", 0 0, L_000001ceae62ce70;  1 drivers
v000001ceae62d7d0_0 .var "f", 3 0;
v000001ceae62d2d0_0 .net "out", 3 0, L_000001ceae62cdd0;  1 drivers
v000001ceae62d0f0_0 .net "w", 0 0, v000001ceae5dc210_0;  1 drivers
v000001ceae62cfb0_0 .net "x", 0 0, v000001ceae5ca320_0;  1 drivers
v000001ceae62d370_0 .net "y", 0 0, v000001ceae5ca3c0_0;  1 drivers
v000001ceae62d050_0 .net "z", 0 0, v000001ceae5ca460_0;  1 drivers
L_000001ceae62d410 .part v000001ceae62d7d0_0, 3, 1;
L_000001ceae62d190 .part v000001ceae62d7d0_0, 2, 1;
L_000001ceae62d4b0 .part v000001ceae62d7d0_0, 1, 1;
L_000001ceae62ce70 .part v000001ceae62d7d0_0, 0, 1;
L_000001ceae62cdd0 .concat [ 1 1 1 1], v000001ceae5dc210_0, v000001ceae5ca460_0, v000001ceae5ca3c0_0, v000001ceae5ca320_0;
S_000001ceae5dbfe0 .scope module, "DUT" "gray2bin" 3 37, 4 1 0, S_000001ceae5dbe50;
 .timescale 0 0;
    .port_info 0 /OUTPUT 1 "x";
    .port_info 1 /OUTPUT 1 "y";
    .port_info 2 /OUTPUT 1 "z";
    .port_info 3 /OUTPUT 1 "w";
    .port_info 4 /INPUT 1 "a";
    .port_info 5 /INPUT 1 "b";
    .port_info 6 /INPUT 1 "c";
    .port_info 7 /INPUT 1 "d";
v000001ceae5c9c50_0 .net "a", 0 0, L_000001ceae62d410;  alias, 1 drivers
v000001ceae5a2b20_0 .net "b", 0 0, L_000001ceae62d190;  alias, 1 drivers
v000001ceae5a2df0_0 .net "c", 0 0, L_000001ceae62d4b0;  alias, 1 drivers
v000001ceae5dc170_0 .net "d", 0 0, L_000001ceae62ce70;  alias, 1 drivers
v000001ceae5dc210_0 .var "w", 0 0;
v000001ceae5ca320_0 .var "x", 0 0;
v000001ceae5ca3c0_0 .var "y", 0 0;
v000001ceae5ca460_0 .var "z", 0 0;
E_000001ceae719010 .event anyedge, v000001ceae5dc170_0, v000001ceae5a2df0_0, v000001ceae5a2b20_0, v000001ceae5c9c50_0;
    .scope S_000001ceae5dbfe0;
T_0 ;
    %wait E_000001ceae719010;
    %load/vec4 v000001ceae5c9c50_0;
    %load/vec4 v000001ceae5a2b20_0;
    %concat/vec4; draw_concat_vec4
    %load/vec4 v000001ceae5a2df0_0;
    %concat/vec4; draw_concat_vec4
    %load/vec4 v000001ceae5dc170_0;
    %concat/vec4; draw_concat_vec4
    %dup/vec4;
    %pushi/vec4 0, 0, 4;
    %cmp/x;
    %jmp/1 T_0.0, 4;
    %dup/vec4;
    %pushi/vec4 1, 0, 4;
    %cmp/x;
    %jmp/1 T_0.1, 4;
    %dup/vec4;
    %pushi/vec4 2, 0, 4;
    %cmp/x;
    %jmp/1 T_0.2, 4;
    %dup/vec4;
    %pushi/vec4 3, 0, 4;
    %cmp/x;
    %jmp/1 T_0.3, 4;
    %dup/vec4;
    %pushi/vec4 4, 0, 4;
    %cmp/x;
    %jmp/1 T_0.4, 4;
    %dup/vec4;
    %pushi/vec4 5, 0, 4;
    %cmp/x;
    %jmp/1 T_0.5, 4;
    %dup/vec4;
    %pushi/vec4 6, 0, 4;
    %cmp/x;
    %jmp/1 T_0.6, 4;
    %dup/vec4;
    %pushi/vec4 7, 0, 4;
    %cmp/x;
    %jmp/1 T_0.7, 4;
    %dup/vec4;
    %pushi/vec4 8, 0, 4;
    %cmp/x;
    %jmp/1 T_0.8, 4;
    %dup/vec4;
    %pushi/vec4 9, 0, 4;
    %cmp/x;
    %jmp/1 T_0.9, 4;
    %dup/vec4;
    %pushi/vec4 10, 0, 4;
    %cmp/x;
    %jmp/1 T_0.10, 4;
    %dup/vec4;
    %pushi/vec4 11, 0, 4;
    %cmp/x;
    %jmp/1 T_0.11, 4;
    %dup/vec4;
    %pushi/vec4 12, 0, 4;
    %cmp/x;
    %jmp/1 T_0.12, 4;
    %dup/vec4;
    %pushi/vec4 13, 0, 4;
    %cmp/x;
    %jmp/1 T_0.13, 4;
    %dup/vec4;
    %pushi/vec4 14, 0, 4;
    %cmp/x;
    %jmp/1 T_0.14, 4;
    %dup/vec4;
    %pushi/vec4 15, 0, 4;
    %cmp/x;
    %jmp/1 T_0.15, 4;
    %pushi/vec4 0, 0, 4;
    %split/vec4 1;
    %store/vec4 v000001ceae5dc210_0, 0, 1;
    %split/vec4 1;
    %store/vec4 v000001ceae5ca460_0, 0, 1;
    %split/vec4 1;
    %store/vec4 v000001ceae5ca3c0_0, 0, 1;
    %store/vec4 v000001ceae5ca320_0, 0, 1;
    %jmp T_0.17;
T_0.0 ;
    %pushi/vec4 0, 0, 4;
    %split/vec4 1;
    %store/vec4 v000001ceae5dc210_0, 0, 1;
    %split/vec4 1;
    %store/vec4 v000001ceae5ca460_0, 0, 1;
    %split/vec4 1;
    %store/vec4 v000001ceae5ca3c0_0, 0, 1;
    %store/vec4 v000001ceae5ca320_0, 0, 1;
    %jmp T_0.17;
T_0.1 ;
    %pushi/vec4 1, 0, 4;
    %split/vec4 1;
    %store/vec4 v000001ceae5dc210_0, 0, 1;
    %split/vec4 1;
    %store/vec4 v000001ceae5ca460_0, 0, 1;
    %split/vec4 1;
    %store/vec4 v000001ceae5ca3c0_0, 0, 1;
    %store/vec4 v000001ceae5ca320_0, 0, 1;
    %jmp T_0.17;
T_0.2 ;
    %pushi/vec4 3, 0, 4;
    %split/vec4 1;
    %store/vec4 v000001ceae5dc210_0, 0, 1;
    %split/vec4 1;
    %store/vec4 v000001ceae5ca460_0, 0, 1;
    %split/vec4 1;
    %store/vec4 v000001ceae5ca3c0_0, 0, 1;
    %store/vec4 v000001ceae5ca320_0, 0, 1;
    %jmp T_0.17;
T_0.3 ;
    %pushi/vec4 2, 0, 4;
    %split/vec4 1;
    %store/vec4 v000001ceae5dc210_0, 0, 1;
    %split/vec4 1;
    %store/vec4 v000001ceae5ca460_0, 0, 1;
    %split/vec4 1;
    %store/vec4 v000001ceae5ca3c0_0, 0, 1;
    %store/vec4 v000001ceae5ca320_0, 0, 1;
    %jmp T_0.17;
T_0.4 ;
    %pushi/vec4 7, 0, 4;
    %split/vec4 1;
    %store/vec4 v000001ceae5dc210_0, 0, 1;
    %split/vec4 1;
    %store/vec4 v000001ceae5ca460_0, 0, 1;
    %split/vec4 1;
    %store/vec4 v000001ceae5ca3c0_0, 0, 1;
    %store/vec4 v000001ceae5ca320_0, 0, 1;
    %jmp T_0.17;
T_0.5 ;
    %pushi/vec4 6, 0, 4;
    %split/vec4 1;
    %store/vec4 v000001ceae5dc210_0, 0, 1;
    %split/vec4 1;
    %store/vec4 v000001ceae5ca460_0, 0, 1;
    %split/vec4 1;
    %store/vec4 v000001ceae5ca3c0_0, 0, 1;
    %store/vec4 v000001ceae5ca320_0, 0, 1;
    %jmp T_0.17;
T_0.6 ;
    %pushi/vec4 4, 0, 4;
    %split/vec4 1;
    %store/vec4 v000001ceae5dc210_0, 0, 1;
    %split/vec4 1;
    %store/vec4 v000001ceae5ca460_0, 0, 1;
    %split/vec4 1;
    %store/vec4 v000001ceae5ca3c0_0, 0, 1;
    %store/vec4 v000001ceae5ca320_0, 0, 1;
    %jmp T_0.17;
T_0.7 ;
    %pushi/vec4 5, 0, 4;
    %split/vec4 1;
    %store/vec4 v000001ceae5dc210_0, 0, 1;
    %split/vec4 1;
    %store/vec4 v000001ceae5ca460_0, 0, 1;
    %split/vec4 1;
    %store/vec4 v000001ceae5ca3c0_0, 0, 1;
    %store/vec4 v000001ceae5ca320_0, 0, 1;
    %jmp T_0.17;
T_0.8 ;
    %pushi/vec4 15, 0, 4;
    %split/vec4 1;
    %store/vec4 v000001ceae5dc210_0, 0, 1;
    %split/vec4 1;
    %store/vec4 v000001ceae5ca460_0, 0, 1;
    %split/vec4 1;
    %store/vec4 v000001ceae5ca3c0_0, 0, 1;
    %store/vec4 v000001ceae5ca320_0, 0, 1;
    %jmp T_0.17;
T_0.9 ;
    %pushi/vec4 14, 0, 4;
    %split/vec4 1;
    %store/vec4 v000001ceae5dc210_0, 0, 1;
    %split/vec4 1;
    %store/vec4 v000001ceae5ca460_0, 0, 1;
    %split/vec4 1;
    %store/vec4 v000001ceae5ca3c0_0, 0, 1;
    %store/vec4 v000001ceae5ca320_0, 0, 1;
    %jmp T_0.17;
T_0.10 ;
    %pushi/vec4 12, 0, 4;
    %split/vec4 1;
    %store/vec4 v000001ceae5dc210_0, 0, 1;
    %split/vec4 1;
    %store/vec4 v000001ceae5ca460_0, 0, 1;
    %split/vec4 1;
    %store/vec4 v000001ceae5ca3c0_0, 0, 1;
    %store/vec4 v000001ceae5ca320_0, 0, 1;
    %jmp T_0.17;
T_0.11 ;
    %pushi/vec4 13, 0, 4;
    %split/vec4 1;
    %store/vec4 v000001ceae5dc210_0, 0, 1;
    %split/vec4 1;
    %store/vec4 v000001ceae5ca460_0, 0, 1;
    %split/vec4 1;
    %store/vec4 v000001ceae5ca3c0_0, 0, 1;
    %store/vec4 v000001ceae5ca320_0, 0, 1;
    %jmp T_0.17;
T_0.12 ;
    %pushi/vec4 8, 0, 4;
    %split/vec4 1;
    %store/vec4 v000001ceae5dc210_0, 0, 1;
    %split/vec4 1;
    %store/vec4 v000001ceae5ca460_0, 0, 1;
    %split/vec4 1;
    %store/vec4 v000001ceae5ca3c0_0, 0, 1;
    %store/vec4 v000001ceae5ca320_0, 0, 1;
    %jmp T_0.17;
T_0.13 ;
    %pushi/vec4 9, 0, 4;
    %split/vec4 1;
    %store/vec4 v000001ceae5dc210_0, 0, 1;
    %split/vec4 1;
    %store/vec4 v000001ceae5ca460_0, 0, 1;
    %split/vec4 1;
    %store/vec4 v000001ceae5ca3c0_0, 0, 1;
    %store/vec4 v000001ceae5ca320_0, 0, 1;
    %jmp T_0.17;
T_0.14 ;
    %pushi/vec4 11, 0, 4;
    %split/vec4 1;
    %store/vec4 v000001ceae5dc210_0, 0, 1;
    %split/vec4 1;
    %store/vec4 v000001ceae5ca460_0, 0, 1;
    %split/vec4 1;
    %store/vec4 v000001ceae5ca3c0_0, 0, 1;
    %store/vec4 v000001ceae5ca320_0, 0, 1;
    %jmp T_0.17;
T_0.15 ;
    %pushi/vec4 10, 0, 4;
    %split/vec4 1;
    %store/vec4 v000001ceae5dc210_0, 0, 1;
    %split/vec4 1;
    %store/vec4 v000001ceae5ca460_0, 0, 1;
    %split/vec4 1;
    %store/vec4 v000001ceae5ca3c0_0, 0, 1;
    %store/vec4 v000001ceae5ca320_0, 0, 1;
    %jmp T_0.17;
T_0.17 ;
    %pop/vec4 1;
    %jmp T_0;
    .thread T_0, $push;
    .scope S_000001ceae5dbe50;
T_1 ;
    %vpi_call/w 3 6 "$dumpfile", "tb_ex4_7.vcd" {0 0 0};
    %vpi_call/w 3 7 "$dumpvars", 32'sb00000000000000000000000000000000, S_000001ceae5dbe50 {0 0 0};
    %end;
    .thread T_1;
    .scope S_000001ceae5dbe50;
T_2 ;
    %pushi/vec4 0, 0, 4;
    %store/vec4 v000001ceae62d7d0_0, 0, 4;
    %vpi_call/w 3 49 "$display", "            G R A Y                   B I N A R Y" {0 0 0};
    %vpi_call/w 3 50 "$display", "time     G3   g2   g1   g0  |||   B3   B2  B1   B0   " {0 0 0};
    %vpi_call/w 3 51 "$monitor", "t=%0t  a=%b b=%b c=%b d=%b (%d)       ==>  x=%b y=%b z=%b w=%b (%d)", $time, v000001ceae62d550_0, v000001ceae62cf10_0, v000001ceae62d230_0, v000001ceae62c8d0_0, v000001ceae62d7d0_0, v000001ceae62cfb0_0, v000001ceae62d370_0, v000001ceae62d050_0, v000001ceae62d0f0_0, v000001ceae62d2d0_0 {0 0 0};
    %pushi/vec4 15, 0, 32;
T_2.0 %dup/vec4;
    %pushi/vec4 0, 0, 32;
    %cmp/s;
    %jmp/1xz T_2.1, 5;
    %jmp/1 T_2.1, 4;
    %pushi/vec4 1, 0, 32;
    %sub;
    %delay 2, 0;
    %load/vec4 v000001ceae62d7d0_0;
    %addi 1, 0, 4;
    %store/vec4 v000001ceae62d7d0_0, 0, 4;
    %jmp T_2.0;
T_2.1 ;
    %pop/vec4 1;
    %delay 2, 0;
    %vpi_call/w 3 54 "$finish" {0 0 0};
    %end;
    .thread T_2;
# The file index is used to find the file name in the following table.
:file_names 5;
    "N/A";
    "<interactive>";
    "-";
    "tb_ex4.7.v";
    "ex4.7.v";
